Archive member included to satisfy reference by file (symbol)

C:/ST/STM32CubeIDE_1.13.0/STM32CubeIDE/plugins/com.st.stm32cube.ide.mcu.externaltools.gnu-tools-for-stm32.11.3.rel1.win32_1.1.0.202305231506/tools/bin/../lib/gcc/arm-none-eabi/11.3.1/../../../../arm-none-eabi/lib/thumb/v7e-m+fp/hard\libc_nano.a(libc_a-exit.o)
                              C:/ST/STM32CubeIDE_1.13.0/STM32CubeIDE/plugins/com.st.stm32cube.ide.mcu.externaltools.gnu-tools-for-stm32.11.3.rel1.win32_1.1.0.202305231506/tools/bin/../lib/gcc/arm-none-eabi/11.3.1/../../../../arm-none-eabi/lib/thumb/v7e-m+fp/hard/crt0.o (exit)
C:/ST/STM32CubeIDE_1.13.0/STM32CubeIDE/plugins/com.st.stm32cube.ide.mcu.externaltools.gnu-tools-for-stm32.11.3.rel1.win32_1.1.0.202305231506/tools/bin/../lib/gcc/arm-none-eabi/11.3.1/../../../../arm-none-eabi/lib/thumb/v7e-m+fp/hard\libc_nano.a(libc_a-findfp.o)
                              C:/ST/STM32CubeIDE_1.13.0/STM32CubeIDE/plugins/com.st.stm32cube.ide.mcu.externaltools.gnu-tools-for-stm32.11.3.rel1.win32_1.1.0.202305231506/tools/bin/../lib/gcc/arm-none-eabi/11.3.1/../../../../arm-none-eabi/lib/thumb/v7e-m+fp/hard\libc_nano.a(libc_a-exit.o) (__stdio_exit_handler)
C:/ST/STM32CubeIDE_1.13.0/STM32CubeIDE/plugins/com.st.stm32cube.ide.mcu.externaltools.gnu-tools-for-stm32.11.3.rel1.win32_1.1.0.202305231506/tools/bin/../lib/gcc/arm-none-eabi/11.3.1/../../../../arm-none-eabi/lib/thumb/v7e-m+fp/hard\libc_nano.a(libc_a-fwalk.o)
                              C:/ST/STM32CubeIDE_1.13.0/STM32CubeIDE/plugins/com.st.stm32cube.ide.mcu.externaltools.gnu-tools-for-stm32.11.3.rel1.win32_1.1.0.202305231506/tools/bin/../lib/gcc/arm-none-eabi/11.3.1/../../../../arm-none-eabi/lib/thumb/v7e-m+fp/hard\libc_nano.a(libc_a-findfp.o) (_fwalk_sglue)
C:/ST/STM32CubeIDE_1.13.0/STM32CubeIDE/plugins/com.st.stm32cube.ide.mcu.externaltools.gnu-tools-for-stm32.11.3.rel1.win32_1.1.0.202305231506/tools/bin/../lib/gcc/arm-none-eabi/11.3.1/../../../../arm-none-eabi/lib/thumb/v7e-m+fp/hard\libc_nano.a(libc_a-stdio.o)
                              C:/ST/STM32CubeIDE_1.13.0/STM32CubeIDE/plugins/com.st.stm32cube.ide.mcu.externaltools.gnu-tools-for-stm32.11.3.rel1.win32_1.1.0.202305231506/tools/bin/../lib/gcc/arm-none-eabi/11.3.1/../../../../arm-none-eabi/lib/thumb/v7e-m+fp/hard\libc_nano.a(libc_a-findfp.o) (__sread)
C:/ST/STM32CubeIDE_1.13.0/STM32CubeIDE/plugins/com.st.stm32cube.ide.mcu.externaltools.gnu-tools-for-stm32.11.3.rel1.win32_1.1.0.202305231506/tools/bin/../lib/gcc/arm-none-eabi/11.3.1/../../../../arm-none-eabi/lib/thumb/v7e-m+fp/hard\libc_nano.a(libc_a-memset.o)
                              C:/ST/STM32CubeIDE_1.13.0/STM32CubeIDE/plugins/com.st.stm32cube.ide.mcu.externaltools.gnu-tools-for-stm32.11.3.rel1.win32_1.1.0.202305231506/tools/bin/../lib/gcc/arm-none-eabi/11.3.1/../../../../arm-none-eabi/lib/thumb/v7e-m+fp/hard/crt0.o (memset)
C:/ST/STM32CubeIDE_1.13.0/STM32CubeIDE/plugins/com.st.stm32cube.ide.mcu.externaltools.gnu-tools-for-stm32.11.3.rel1.win32_1.1.0.202305231506/tools/bin/../lib/gcc/arm-none-eabi/11.3.1/../../../../arm-none-eabi/lib/thumb/v7e-m+fp/hard\libc_nano.a(libc_a-closer.o)
                              C:/ST/STM32CubeIDE_1.13.0/STM32CubeIDE/plugins/com.st.stm32cube.ide.mcu.externaltools.gnu-tools-for-stm32.11.3.rel1.win32_1.1.0.202305231506/tools/bin/../lib/gcc/arm-none-eabi/11.3.1/../../../../arm-none-eabi/lib/thumb/v7e-m+fp/hard\libc_nano.a(libc_a-stdio.o) (_close_r)
C:/ST/STM32CubeIDE_1.13.0/STM32CubeIDE/plugins/com.st.stm32cube.ide.mcu.externaltools.gnu-tools-for-stm32.11.3.rel1.win32_1.1.0.202305231506/tools/bin/../lib/gcc/arm-none-eabi/11.3.1/../../../../arm-none-eabi/lib/thumb/v7e-m+fp/hard\libc_nano.a(libc_a-reent.o)
                              C:/ST/STM32CubeIDE_1.13.0/STM32CubeIDE/plugins/com.st.stm32cube.ide.mcu.externaltools.gnu-tools-for-stm32.11.3.rel1.win32_1.1.0.202305231506/tools/bin/../lib/gcc/arm-none-eabi/11.3.1/../../../../arm-none-eabi/lib/thumb/v7e-m+fp/hard\libc_nano.a(libc_a-closer.o) (errno)
C:/ST/STM32CubeIDE_1.13.0/STM32CubeIDE/plugins/com.st.stm32cube.ide.mcu.externaltools.gnu-tools-for-stm32.11.3.rel1.win32_1.1.0.202305231506/tools/bin/../lib/gcc/arm-none-eabi/11.3.1/../../../../arm-none-eabi/lib/thumb/v7e-m+fp/hard\libc_nano.a(libc_a-impure.o)
                              C:/ST/STM32CubeIDE_1.13.0/STM32CubeIDE/plugins/com.st.stm32cube.ide.mcu.externaltools.gnu-tools-for-stm32.11.3.rel1.win32_1.1.0.202305231506/tools/bin/../lib/gcc/arm-none-eabi/11.3.1/../../../../arm-none-eabi/lib/thumb/v7e-m+fp/hard\libc_nano.a(libc_a-reent.o) (_impure_ptr)
C:/ST/STM32CubeIDE_1.13.0/STM32CubeIDE/plugins/com.st.stm32cube.ide.mcu.externaltools.gnu-tools-for-stm32.11.3.rel1.win32_1.1.0.202305231506/tools/bin/../lib/gcc/arm-none-eabi/11.3.1/../../../../arm-none-eabi/lib/thumb/v7e-m+fp/hard\libc_nano.a(libc_a-lseekr.o)
[...]
Memory Configuration

Name             Origin             Length             Attributes
CCMRAM           0x0000000010000000 0x0000000000002000 xrw
RAM              0x0000000020000000 0x000000000000a000 xrw
FLASH            0x0000000008000000 0x0000000000040000 xr
*default*        0x0000000000000000 0xffffffffffffffff

Linker script and memory map

LOAD C:/ST/STM32CubeIDE_1.13.0/STM32CubeIDE/plugins/com.st.stm32cube.ide.mcu.externaltools.gnu-tools-for-stm32.11.3.rel1.win32_1.1.0.202305231506/tools/bin/../lib/gcc/arm-none-eabi/11.3.1/thumb/v7e-m+fp/hard/crti.o
LOAD C:/ST/STM32CubeIDE_1.13.0/STM32CubeIDE/plugins/com.st.stm32cube.ide.mcu.externaltools.gnu-tools-for-stm32.11.3.rel1.win32_1.1.0.202305231506/tools/bin/../lib/gcc/arm-none-eabi/11.3.1/thumb/v7e-m+fp/hard/crtbegin.o
LOAD C:/ST/STM32CubeIDE_1.13.0/STM32CubeIDE/plugins/com.st.stm32cube.ide.mcu.externaltools.gnu-tools-for-stm32.11.3.rel1.win32_1.1.0.202305231506/tools/bin/../lib/gcc/arm-none-eabi/11.3.1/../../../../arm-none-eabi/lib/thumb/v7e-m+fp/hard/crt0.o
LOAD ./Core/Src/adc.o
LOAD ./Core/Src/bufete_functions.o
LOAD ./Core/Src/bufete_rx.o
LOAD ./Core/Src/bufete_tx.o
LOAD ./Core/Src/gpio.o
LOAD ./Core/Src/led_bufete.o
LOAD ./Core/Src/main.o
LOAD ./Core/Src/ringbuffer.o
LOAD ./Core/Src/sensor_bufete.o
LOAD ./Core/Src/stm32f3xx_hal_msp.o
LOAD ./Core/Src/stm32f3xx_it.o
LOAD ./Core/Src/syscalls.o
LOAD ./Core/Src/sysmem.o
LOAD ./Core/Src/system_stm32f3xx.o
LOAD ./Core/Src/tim.o
LOAD ./Core/Src/usart.o
LOAD ./Core/Startup/startup_stm32f303cctx.o
LOAD ./Drivers/STM32F3xx_HAL_Driver/Src/stm32f3xx_hal.o
LOAD ./Drivers/STM32F3xx_HAL_Driver/Src/stm32f3xx_hal_adc.o
LOAD ./Drivers/STM32F3xx_HAL_Driver/Src/stm32f3xx_hal_adc_ex.o
LOAD ./Drivers/STM32F3xx_HAL_Driver/Src/stm32f3xx_hal_cortex.o
LOAD ./Drivers/STM32F3xx_HAL_Driver/Src/stm32f3xx_hal_dma.o
LOAD ./Drivers/STM32F3xx_HAL_Driver/Src/stm32f3xx_hal_exti.o
LOAD ./Drivers/STM32F3xx_HAL_Driver/Src/stm32f3xx_hal_flash.o
LOAD ./Drivers/STM32F3xx_HAL_Driver/Src/stm32f3xx_hal_flash_ex.o
LOAD ./Drivers/STM32F3xx_HAL_Driver/Src/stm32f3xx_hal_gpio.o
LOAD ./Drivers/STM32F3xx_HAL_Driver/Src/stm32f3xx_hal_i2c.o
LOAD ./Drivers/STM32F3xx_HAL_Driver/Src/stm32f3xx_hal_i2c_ex.o
LOAD ./Drivers/STM32F3xx_HAL_Driver/Src/stm32f3xx_hal_pwr.o
LOAD ./Drivers/STM32F3xx_HAL_Driver/Src/stm32f3xx_hal_pwr_ex.o
LOAD ./Drivers/STM32F3xx_HAL_Driver/Src/stm32f3xx_hal_rcc.o
LOAD ./Drivers/STM32F3xx_HAL_Driver/Src/stm32f3xx_hal_rcc_ex.o
LOAD ./Drivers/STM32F3xx_HAL_Driver/Src/stm32f3xx_hal_tim.o
LOAD ./Drivers/STM32F3xx_HAL_Driver/Src/stm32f3xx_hal_tim_ex.o
LOAD ./Drivers/STM32F3xx_HAL_Driver/Src/stm32f3xx_hal_uart.o
LOAD ./Drivers/STM32F3xx_HAL_Driver/Src/stm32f3xx_hal_uart_ex.o
START GROUP
LOAD C:/ST/STM32CubeIDE_1.13.0/STM32CubeIDE/plugins/com.st.stm32cube.ide.mcu.externaltools.gnu-tools-for-stm32.11.3.rel1.win32_1.1.0.202305231506/tools/bin/../lib/gcc/arm-none-eabi/11.3.1/../../../../arm-none-eabi/lib/thumb/v7e-m+fp/hard\libc_nano.a
LOAD C:/ST/STM32CubeIDE_1.13.0/STM32CubeIDE/plugins/com.st.stm32cube.ide.mcu.externaltools.gnu-tools-for-stm32.11.3.rel1.win32_1.1.0.202305231506/tools/bin/../lib/gcc/arm-none-eabi/11.3.1/../../../../arm-none-eabi/lib/thumb/v7e-m+fp/hard\libm.a
END GROUP
START GROUP
LOAD C:/ST/STM32CubeIDE_1.13.0/STM32CubeIDE/plugins/com.st.stm32cube.ide.mcu.externaltools.gnu-tools-for-stm32.11.3.rel1.win32_1.1.0.202305231506/tools/bin/../lib/gcc/arm-none-eabi/11.3.1/thumb/v7e-m+fp/hard\libgcc.a
LOAD C:/ST/STM32CubeIDE_1.13.0/STM32CubeIDE/plugins/com.st.stm32cube.ide.mcu.externaltools.gnu-tools-for-stm32.11.3.rel1.win32_1.1.0.202305231506/tools/bin/../lib/gcc/arm-none-eabi/11.3.1/../../../../arm-none-eabi/lib/thumb/v7e-m+fp/hard\libc_nano.a
END GROUP
START GROUP
LOAD C:/ST/STM32CubeIDE_1.13.0/STM32CubeIDE/plugins/com.st.stm32cube.ide.mcu.externaltools.gnu-tools-for-stm32.11.3.rel1.win32_1.1.0.202305231506/tools/bin/../lib/gcc/arm-none-eabi/11.3.1/thumb/v7e-m+fp/hard\libgcc.a
LOAD C:/ST/STM32CubeIDE_1.13.0/STM32CubeIDE/plugins/com.st.stm32cube.ide.mcu.externaltools.gnu-tools-for-stm32.11.3.rel1.win32_1.1.0.202305231506/tools/bin/../lib/gcc/arm-none-eabi/11.3.1/../../../../arm-none-eabi/lib/thumb/v7e-m+fp/hard\libc_nano.a
LOAD C:/ST/STM32CubeIDE_1.13.0/STM32CubeIDE/plugins/com.st.stm32cube.ide.mcu.externaltools.gnu-tools-for-stm32.11.3.rel1.win32_1.1.0.202305231506/tools/bin/../lib/gcc/arm-none-eabi/11.3.1/../../../../arm-none-eabi/lib/thumb/v7e-m+fp/hard\libnosys.a
END GROUP
START GROUP
LOAD C:/ST/STM32CubeIDE_1.13.0/STM32CubeIDE/plugins/com.st.stm32cube.ide.mcu.externaltools.gnu-tools-for-stm32.11.3.rel1.win32_1.1.0.202305231506/tools/bin/../lib/gcc/arm-none-eabi/11.3.1/thumb/v7e-m+fp/hard\libgcc.a
LOAD C:/ST/STM32CubeIDE_1.13.0/STM32CubeIDE/plugins/com.st.stm32cube.ide.mcu.externaltools.gnu-tools-for-stm32.11.3.rel1.win32_1.1.0.202305231506/tools/bin/../lib/gcc/arm-none-eabi/11.3.1/../../../../arm-none-eabi/lib/thumb/v7e-m+fp/hard\libc_nano.a
LOAD C:/ST/STM32CubeIDE_1.13.0/STM32CubeIDE/plugins/com.st.stm32cube.ide.mcu.externaltools.gnu-tools-for-stm32.11.3.rel1.win32_1.1.0.202305231506/tools/bin/../lib/gcc/arm-none-eabi/11.3.1/../../../../arm-none-eabi/lib/thumb/v7e-m+fp/hard\libnosys.a
END GROUP
LOAD C:/ST/STM32CubeIDE_1.13.0/STM32CubeIDE/plugins/com.st.stm32cube.ide.mcu.externaltools.gnu-tools-for-stm32.11.3.rel1.win32_1.1.0.202305231506/tools/bin/../lib/gcc/arm-none-eabi/11.3.1/thumb/v7e-m+fp/hard/crtend.o
LOAD C:/ST/STM32CubeIDE_1.13.0/STM32CubeIDE/plugins/com.st.stm32cube.ide.mcu.externaltools.gnu-tools-for-stm32.11.3.rel1.win32_1.1.0.202305231506/tools/bin/../lib/gcc/arm-none-eabi/11.3.1/thumb/v7e-m+fp/hard/crtn.o
                0x000000002000a000                _estack = (ORIGIN (RAM) + LENGTH (RAM))
                0x0000000000000200                _Min_Heap_Size = 0x200
                0x0000000000000400                _Min_Stack_Size = 0x400

.isr_vector     0x0000000008000000      0x188
                0x0000000008000000                . = ALIGN (0x4)
 *(.isr_vector)
 .isr_vector    0x0000000008000000      0x188 ./Core/Startup/startup_stm32f303cctx.o
                0x0000000008000000                g_pfnVectors
                0x0000000008000188                . = ALIGN (0x4)

.text           0x0000000008000188     0x6188
                0x0000000008000188                . = ALIGN (0x4)
 *(.text)
 .text          0x0000000008000188       0x40 C:/ST/STM32CubeIDE_1.13.0/STM32CubeIDE/plugins/com.st.stm32cube.ide.mcu.externaltools.gnu-tools-for-stm32.11.3.rel1.win32_1.1.0.202305231506/tools/bin/../lib/gcc/arm-none-eabi/11.3.1/thumb/v7e-m+fp/hard/crtbegin.o
 *(.text*)
 .text.MX_ADC1_Init
                0x00000000080001c8       0xe0 ./Core/Src/adc.o
                0x00000000080001c8                MX_ADC1_Init
 .text.MX_ADC2_Init
                0x00000000080002a8       0xbc ./Core/Src/adc.o
                0x00000000080002a8                MX_ADC2_Init
 .text.MX_ADC3_Init
                0x0000000008000364       0xe0 ./Core/Src/adc.o
                0x0000000008000364                MX_ADC3_Init
 .text.HAL_ADC_MspInit
                0x0000000008000444      0x188 ./Core/Src/adc.o
                0x0000000008000444                HAL_ADC_MspInit
 .text.bufete_check_payload
                0x00000000080005cc       0x64 ./Core/Src/bufete_functions.o
                0x00000000080005cc                bufete_check_payload
 .text.get_response
                0x0000000008000630       0x28 ./Core/Src/bufete_functions.o
                0x0000000008000630                get_response
 .text.bufete_auth
                0x0000000008000658       0x30 ./Core/Src/bufete_functions.o
                0x0000000008000658                bufete_auth
 .text.bufete_led_on
                0x0000000008000688       0xf8 ./Core/Src/bufete_functions.o
                0x0000000008000688                bufete_led_on
 .text.bufete_led_test
                0x0000000008000780       0x6c ./Core/Src/bufete_functions.o
                0x0000000008000780                bufete_led_test
 .text.rx_start
                0x00000000080007ec       0x20 ./Core/Src/bufete_rx.o
                0x00000000080007ec                rx_start
 .text.rx_init  0x000000000800080c       0x32 ./Core/Src/bufete_rx.o
                0x000000000800080c                rx_init
 .text.bufete_rx_write_byte
                0x000000000800083e       0x4a ./Core/Src/bufete_rx.o
                0x000000000800083e                bufete_rx_write_byte
 .text.bufete_rx_translate
                0x0000000008000888       0xa2 ./Core/Src/bufete_rx.o
                0x0000000008000888                bufete_rx_translate
 .text.tx_init  0x000000000800092a       0x1c ./Core/Src/bufete_tx.o
                0x000000000800092a                tx_init
 .text.bufete_tx_transmit
                0x0000000008000946       0xa0 ./Core/Src/bufete_tx.o
                0x0000000008000946                bufete_tx_transmit
 *fill*         0x00000000080009e6        0x2 
 .text.MX_GPIO_Init
                0x00000000080009e8      0x12c ./Core/Src/gpio.o
                0x00000000080009e8                MX_GPIO_Init
 .text.leds_init
                0x0000000008000b14       0x5c ./Core/Src/led_bufete.o
                0x0000000008000b14                leds_init
 .text.turnOnLed
                0x0000000008000b70       0x30 ./Core/Src/led_bufete.o
                0x0000000008000b70                turnOnLed
 .text.turnOffLed
                0x0000000008000ba0       0x30 ./Core/Src/led_bufete.o
                0x0000000008000ba0                turnOffLed
 .text.main     0x0000000008000bd0       0xd4 ./Core/Src/main.o
                0x0000000008000bd0                main
 .text.SystemClock_Config
                0x0000000008000ca4       0xbe ./Core/Src/main.o
                0x0000000008000ca4                SystemClock_Config
 *fill*         0x0000000008000d62        0x2 
 .text.HAL_UART_RxCpltCallback
                0x0000000008000d64       0x2c ./Core/Src/main.o
                0x0000000008000d64                HAL_UART_RxCpltCallback
 .text.Error_Handler
                0x0000000008000d90        0xa ./Core/Src/main.o
                0x0000000008000d90                Error_Handler
 .text.Ringbuf_init
                0x0000000008000d9a       0x20 ./Core/Src/ringbuffer.o
                0x0000000008000d9a                Ringbuf_init
 .text.write_byte
                0x0000000008000dba       0x3e ./Core/Src/ringbuffer.o
                0x0000000008000dba                write_byte
 .text.read_byte
                0x0000000008000df8       0x3a ./Core/Src/ringbuffer.o
                0x0000000008000df8                read_byte
 .text.isEmpty  0x0000000008000e32       0x26 ./Core/Src/ringbuffer.o
                0x0000000008000e32                isEmpty
 .text.sensorListInit
                0x0000000008000e58      0x124 ./Core/Src/sensor_bufete.o
                0x0000000008000e58                sensorListInit
 .text.sensorInit
                0x0000000008000f7c       0x6c ./Core/Src/sensor_bufete.o
                0x0000000008000f7c                sensorInit
 .text.configure_ADC_Pin
                0x0000000008000fe8       0x2a ./Core/Src/sensor_bufete.o
 .text.get_ADC_Read
                0x0000000008001012       0x30 ./Core/Src/sensor_bufete.o
 *fill*         0x0000000008001042        0x2 
 .text.checkImpact
                0x0000000008001044       0x98 ./Core/Src/sensor_bufete.o
                0x0000000008001044                checkImpact
 .text.HAL_MspInit
                0x00000000080010dc       0x48 ./Core/Src/stm32f3xx_hal_msp.o
                0x00000000080010dc                HAL_MspInit
 .text.NMI_Handler
                0x0000000008001124        0x6 ./Core/Src/stm32f3xx_it.o
                0x0000000008001124                NMI_Handler
 .text.HardFault_Handler
                0x000000000800112a        0x6 ./Core/Src/stm32f3xx_it.o
                0x000000000800112a                HardFault_Handler
 .text.MemManage_Handler
                0x0000000008001130        0x6 ./Core/Src/stm32f3xx_it.o
                0x0000000008001130                MemManage_Handler
 .text.BusFault_Handler
                0x0000000008001136        0x6 ./Core/Src/stm32f3xx_it.o
                0x0000000008001136                BusFault_Handler
 .text.UsageFault_Handler
                0x000000000800113c        0x6 ./Core/Src/stm32f3xx_it.o
                0x000000000800113c                UsageFault_Handler
 .text.SVC_Handler
                0x0000000008001142        0xe ./Core/Src/stm32f3xx_it.o
                0x0000000008001142                SVC_Handler
 .text.DebugMon_Handler
                0x0000000008001150        0xe ./Core/Src/stm32f3xx_it.o
                0x0000000008001150                DebugMon_Handler
 .text.PendSV_Handler
                0x000000000800115e        0xe ./Core/Src/stm32f3xx_it.o
                0x000000000800115e                PendSV_Handler
 .text.SysTick_Handler
                0x000000000800116c        0xc ./Core/Src/stm32f3xx_it.o
                0x000000000800116c                SysTick_Handler
 .text.USART1_IRQHandler
                0x0000000008001178       0x14 ./Core/Src/stm32f3xx_it.o
                0x0000000008001178                USART1_IRQHandler
 .text.SystemInit
                0x000000000800118c       0x24 ./Core/Src/system_stm32f3xx.o
                0x000000000800118c                SystemInit
 .text.MX_TIM2_Init
                0x00000000080011b0       0x9c ./Core/Src/tim.o
                0x00000000080011b0                MX_TIM2_Init
 .text.HAL_TIM_Base_MspInit
                0x000000000800124c       0x3c ./Core/Src/tim.o
                0x000000000800124c                HAL_TIM_Base_MspInit
 .text.MX_USART1_UART_Init
                0x0000000008001288       0x60 ./Core/Src/usart.o
                0x0000000008001288                MX_USART1_UART_Init
 .text.HAL_UART_MspInit
                0x00000000080012e8       0x98 ./Core/Src/usart.o
                0x00000000080012e8                HAL_UART_MspInit
 .text.Reset_Handler
                0x0000000008001380       0x50 ./Core/Startup/startup_stm32f303cctx.o
                0x0000000008001380                Reset_Handler
 .text.Default_Handler
                0x00000000080013d0        0x2 ./Core/Startup/startup_stm32f303cctx.o
                0x00000000080013d0                RTC_Alarm_IRQHandler
                0x00000000080013d0                TIM8_TRG_COM_IRQHandler
                0x00000000080013d0                TIM8_CC_IRQHandler
                0x00000000080013d0                TIM1_CC_IRQHandler
                0x00000000080013d0                USB_HP_IRQHandler
                0x00000000080013d0                PVD_IRQHandler
                0x00000000080013d0                TAMP_STAMP_IRQHandler
                0x00000000080013d0                EXTI3_IRQHandler
                0x00000000080013d0                USB_HP_CAN_TX_IRQHandler
                0x00000000080013d0                EXTI0_IRQHandler
                0x00000000080013d0                I2C2_EV_IRQHandler
                0x00000000080013d0                FPU_IRQHandler
                0x00000000080013d0                TIM1_UP_TIM16_IRQHandler
                0x00000000080013d0                ADC1_2_IRQHandler
                0x00000000080013d0                SPI1_IRQHandler
                0x00000000080013d0                CAN_SCE_IRQHandler
                0x00000000080013d0                TIM6_DAC_IRQHandler
                0x00000000080013d0                TIM8_UP_IRQHandler
                0x00000000080013d0                DMA2_Channel2_IRQHandler
                0x00000000080013d0                DMA1_Channel4_IRQHandler
                0x00000000080013d0                USART3_IRQHandler
                0x00000000080013d0                DMA1_Channel7_IRQHandler
                0x00000000080013d0                UART5_IRQHandler
                0x00000000080013d0                ADC3_IRQHandler
                0x00000000080013d0                TIM4_IRQHandler
                0x00000000080013d0                CAN_RX1_IRQHandler
                0x00000000080013d0                DMA2_Channel1_IRQHandler
                0x00000000080013d0                I2C1_EV_IRQHandler
                0x00000000080013d0                DMA1_Channel6_IRQHandler
                0x00000000080013d0                UART4_IRQHandler
                0x00000000080013d0                DMA2_Channel4_IRQHandler
                0x00000000080013d0                TIM3_IRQHandler
                0x00000000080013d0                RCC_IRQHandler
                0x00000000080013d0                DMA1_Channel1_IRQHandler
                0x00000000080013d0                Default_Handler
                0x00000000080013d0                USBWakeUp_RMP_IRQHandler
                0x00000000080013d0                EXTI15_10_IRQHandler
                0x00000000080013d0                TIM7_IRQHandler
                0x00000000080013d0                EXTI9_5_IRQHandler
                0x00000000080013d0                RTC_WKUP_IRQHandler
                0x00000000080013d0                SPI2_IRQHandler
                0x00000000080013d0                USB_LP_CAN_RX0_IRQHandler
                0x00000000080013d0                DMA2_Channel5_IRQHandler
                0x00000000080013d0                DMA1_Channel5_IRQHandler
                0x00000000080013d0                USB_LP_IRQHandler
                0x00000000080013d0                EXTI4_IRQHandler
                0x00000000080013d0                TIM1_TRG_COM_TIM17_IRQHandler
                0x00000000080013d0                DMA1_Channel3_IRQHandler
                0x00000000080013d0                ADC4_IRQHandler
                0x00000000080013d0                WWDG_IRQHandler
                0x00000000080013d0                TIM2_IRQHandler
                0x00000000080013d0                COMP7_IRQHandler
                0x00000000080013d0                COMP1_2_3_IRQHandler
                0x00000000080013d0                EXTI1_IRQHandler
                0x00000000080013d0                USART2_IRQHandler
                0x00000000080013d0                COMP4_5_6_IRQHandler
                0x00000000080013d0                I2C2_ER_IRQHandler
                0x00000000080013d0                DMA1_Channel2_IRQHandler
                0x00000000080013d0                TIM8_BRK_IRQHandler
                0x00000000080013d0                FLASH_IRQHandler
                0x00000000080013d0                SPI3_IRQHandler
                0x00000000080013d0                I2C1_ER_IRQHandler
                0x00000000080013d0                USBWakeUp_IRQHandler
                0x00000000080013d0                DMA2_Channel3_IRQHandler
                0x00000000080013d0                EXTI2_TSC_IRQHandler
                0x00000000080013d0                TIM1_BRK_TIM15_IRQHandler
 *fill*         0x00000000080013d2        0x2 
 .text.HAL_Init
                0x00000000080013d4       0x2c ./Drivers/STM32F3xx_HAL_Driver/Src/stm32f3xx_hal.o
                0x00000000080013d4                HAL_Init
 .text.HAL_InitTick
                0x0000000008001400       0x60 ./Drivers/STM32F3xx_HAL_Driver/Src/stm32f3xx_hal.o
                0x0000000008001400                HAL_InitTick
 .text.HAL_IncTick
                0x0000000008001460       0x28 ./Drivers/STM32F3xx_HAL_Driver/Src/stm32f3xx_hal.o
                0x0000000008001460                HAL_IncTick
 .text.HAL_GetTick
                0x0000000008001488       0x18 ./Drivers/STM32F3xx_HAL_Driver/Src/stm32f3xx_hal.o
                0x0000000008001488                HAL_GetTick
 .text.HAL_Delay
                0x00000000080014a0       0x48 ./Drivers/STM32F3xx_HAL_Driver/Src/stm32f3xx_hal.o
                0x00000000080014a0                HAL_Delay
 .text.HAL_ADC_Init
                0x00000000080014e8      0x3c0 ./Drivers/STM32F3xx_HAL_Driver/Src/stm32f3xx_hal_adc_ex.o
                0x00000000080014e8                HAL_ADC_Init
 .text.HAL_ADC_Start
                0x00000000080018a8      0x22c ./Drivers/STM32F3xx_HAL_Driver/Src/stm32f3xx_hal_adc_ex.o
                0x00000000080018a8                HAL_ADC_Start
 .text.HAL_ADC_Stop
                0x0000000008001ad4       0x6a ./Drivers/STM32F3xx_HAL_Driver/Src/stm32f3xx_hal_adc_ex.o
                0x0000000008001ad4                HAL_ADC_Stop
 *fill*         0x0000000008001b3e        0x2 
 .text.HAL_ADC_PollForConversion
                0x0000000008001b40      0x204 ./Drivers/STM32F3xx_HAL_Driver/Src/stm32f3xx_hal_adc_ex.o
                0x0000000008001b40                HAL_ADC_PollForConversion
 .text.HAL_ADC_GetValue
                0x0000000008001d44       0x1a ./Drivers/STM32F3xx_HAL_Driver/Src/stm32f3xx_hal_adc_ex.o
                0x0000000008001d44                HAL_ADC_GetValue
 *fill*         0x0000000008001d5e        0x2 
 .text.HAL_ADC_ConfigChannel
                0x0000000008001d60      0x5d4 ./Drivers/STM32F3xx_HAL_Driver/Src/stm32f3xx_hal_adc_ex.o
                0x0000000008001d60                HAL_ADC_ConfigChannel
 .text.HAL_ADCEx_MultiModeConfigChannel
                0x0000000008002334      0x1e4 ./Drivers/STM32F3xx_HAL_Driver/Src/stm32f3xx_hal_adc_ex.o
                0x0000000008002334                HAL_ADCEx_MultiModeConfigChannel
 .text.ADC_Enable
                0x0000000008002518       0xc8 ./Drivers/STM32F3xx_HAL_Driver/Src/stm32f3xx_hal_adc_ex.o
 .text.ADC_Disable
                0x00000000080025e0       0xcc ./Drivers/STM32F3xx_HAL_Driver/Src/stm32f3xx_hal_adc_ex.o
 .text.ADC_ConversionStop
                0x00000000080026ac      0x16c ./Drivers/STM32F3xx_HAL_Driver/Src/stm32f3xx_hal_adc_ex.o
 .text.__NVIC_SetPriorityGrouping
                0x0000000008002818       0x48 ./Drivers/STM32F3xx_HAL_Driver/Src/stm32f3xx_hal_cortex.o
 .text.__NVIC_GetPriorityGrouping
                0x0000000008002860       0x1c ./Drivers/STM32F3xx_HAL_Driver/Src/stm32f3xx_hal_cortex.o
 .text.__NVIC_EnableIRQ
                0x000000000800287c       0x3c ./Drivers/STM32F3xx_HAL_Driver/Src/stm32f3xx_hal_cortex.o
 .text.__NVIC_SetPriority
                0x00000000080028b8       0x54 ./Drivers/STM32F3xx_HAL_Driver/Src/stm32f3xx_hal_cortex.o
 .text.NVIC_EncodePriority
                0x000000000800290c       0x66 ./Drivers/STM32F3xx_HAL_Driver/Src/stm32f3xx_hal_cortex.o
 *fill*         0x0000000008002972        0x2 
 .text.SysTick_Config
                0x0000000008002974       0x44 ./Drivers/STM32F3xx_HAL_Driver/Src/stm32f3xx_hal_cortex.o
 .text.HAL_NVIC_SetPriorityGrouping
                0x00000000080029b8       0x16 ./Drivers/STM32F3xx_HAL_Driver/Src/stm32f3xx_hal_cortex.o
                0x00000000080029b8                HAL_NVIC_SetPriorityGrouping
 .text.HAL_NVIC_SetPriority
                0x00000000080029ce       0x38 ./Drivers/STM32F3xx_HAL_Driver/Src/stm32f3xx_hal_cortex.o
                0x00000000080029ce                HAL_NVIC_SetPriority
 .text.HAL_NVIC_EnableIRQ
                0x0000000008002a06       0x1c ./Drivers/STM32F3xx_HAL_Driver/Src/stm32f3xx_hal_cortex.o
                0x0000000008002a06                HAL_NVIC_EnableIRQ
 .text.HAL_SYSTICK_Config
                0x0000000008002a22       0x18 ./Drivers/STM32F3xx_HAL_Driver/Src/stm32f3xx_hal_cortex.o
                0x0000000008002a22                HAL_SYSTICK_Config
 .text.HAL_DMA_Abort
                0x0000000008002a3a       0x72 ./Drivers/STM32F3xx_HAL_Driver/Src/stm32f3xx_hal_dma.o
                0x0000000008002a3a                HAL_DMA_Abort
 .text.HAL_DMA_Abort_IT
                0x0000000008002aac       0x7c ./Drivers/STM32F3xx_HAL_Driver/Src/stm32f3xx_hal_dma.o
                0x0000000008002aac                HAL_DMA_Abort_IT
 .text.HAL_GPIO_Init
                0x0000000008002b28      0x2f4 ./Drivers/STM32F3xx_HAL_Driver/Src/stm32f3xx_hal_gpio.o
                0x0000000008002b28                HAL_GPIO_Init
 .text.HAL_GPIO_WritePin
                0x0000000008002e1c       0x30 ./Drivers/STM32F3xx_HAL_Driver/Src/stm32f3xx_hal_gpio.o
                0x0000000008002e1c                HAL_GPIO_WritePin
 .text.HAL_RCC_OscConfig
                0x0000000008002e4c     0x107c ./Drivers/STM32F3xx_HAL_Driver/Src/stm32f3xx_hal_rcc.o
                0x0000000008002e4c                HAL_RCC_OscConfig
 .text.HAL_RCC_ClockConfig
                0x0000000008003ec8      0x2f8 ./Drivers/STM32F3xx_HAL_Driver/Src/stm32f3xx_hal_rcc.o
                0x0000000008003ec8                HAL_RCC_ClockConfig
 .text.HAL_RCC_GetSysClockFreq
                0x00000000080041c0       0xd4 ./Drivers/STM32F3xx_HAL_Driver/Src/stm32f3xx_hal_rcc.o
                0x00000000080041c0                HAL_RCC_GetSysClockFreq
 .text.HAL_RCC_GetHCLKFreq
                0x0000000008004294       0x18 ./Drivers/STM32F3xx_HAL_Driver/Src/stm32f3xx_hal_rcc.o
                0x0000000008004294                HAL_RCC_GetHCLKFreq
 .text.HAL_RCC_GetPCLK1Freq
                0x00000000080042ac       0x44 ./Drivers/STM32F3xx_HAL_Driver/Src/stm32f3xx_hal_rcc.o
                0x00000000080042ac                HAL_RCC_GetPCLK1Freq
 .text.HAL_RCC_GetPCLK2Freq
                0x00000000080042f0       0x44 ./Drivers/STM32F3xx_HAL_Driver/Src/stm32f3xx_hal_rcc.o
                0x00000000080042f0                HAL_RCC_GetPCLK2Freq
 .text.HAL_RCCEx_PeriphCLKConfig
                0x0000000008004334      0x360 ./Drivers/STM32F3xx_HAL_Driver/Src/stm32f3xx_hal_rcc_ex.o
                0x0000000008004334                HAL_RCCEx_PeriphCLKConfig
 .text.HAL_TIM_Base_Init
                0x0000000008004694       0xae ./Drivers/STM32F3xx_HAL_Driver/Src/stm32f3xx_hal_tim.o
                0x0000000008004694                HAL_TIM_Base_Init
 *fill*         0x0000000008004742        0x2 
 .text.HAL_TIM_Base_Start
                0x0000000008004744       0xc4 ./Drivers/STM32F3xx_HAL_Driver/Src/stm32f3xx_hal_tim.o
                0x0000000008004744                HAL_TIM_Base_Start
 .text.HAL_TIM_Base_Stop
                0x0000000008004808       0x4e ./Drivers/STM32F3xx_HAL_Driver/Src/stm32f3xx_hal_tim.o
                0x0000000008004808                HAL_TIM_Base_Stop
 .text.HAL_TIM_ConfigClockSource
                0x0000000008004856      0x192 ./Drivers/STM32F3xx_HAL_Driver/Src/stm32f3xx_hal_tim.o
                0x0000000008004856                HAL_TIM_ConfigClockSource
 .text.TIM_Base_SetConfig
                0x00000000080049e8      0x120 ./Drivers/STM32F3xx_HAL_Driver/Src/stm32f3xx_hal_tim.o
                0x00000000080049e8                TIM_Base_SetConfig
 .text.TIM_TI1_ConfigInputStage
                0x0000000008004b08       0x5e ./Drivers/STM32F3xx_HAL_Driver/Src/stm32f3xx_hal_tim.o
 .text.TIM_TI2_ConfigInputStage
                0x0000000008004b66       0x60 ./Drivers/STM32F3xx_HAL_Driver/Src/stm32f3xx_hal_tim.o
 .text.TIM_ITRx_SetConfig
                0x0000000008004bc6       0x36 ./Drivers/STM32F3xx_HAL_Driver/Src/stm32f3xx_hal_tim.o
 .text.TIM_ETR_SetConfig
                0x0000000008004bfc       0x40 ./Drivers/STM32F3xx_HAL_Driver/Src/stm32f3xx_hal_tim.o
                0x0000000008004bfc                TIM_ETR_SetConfig
 .text.HAL_TIMEx_MasterConfigSynchronization
                0x0000000008004c3c      0x100 ./Drivers/STM32F3xx_HAL_Driver/Src/stm32f3xx_hal_tim_ex.o
                0x0000000008004c3c                HAL_TIMEx_MasterConfigSynchronization
 .text.HAL_UART_Init
                0x0000000008004d3c       0x9c ./Drivers/STM32F3xx_HAL_Driver/Src/stm32f3xx_hal_uart.o
                0x0000000008004d3c                HAL_UART_Init
 .text.HAL_UART_Transmit
                0x0000000008004dd8      0x114 ./Drivers/STM32F3xx_HAL_Driver/Src/stm32f3xx_hal_uart.o
                0x0000000008004dd8                HAL_UART_Transmit
 .text.HAL_UART_Receive_IT
                0x0000000008004eec       0x88 ./Drivers/STM32F3xx_HAL_Driver/Src/stm32f3xx_hal_uart.o
                0x0000000008004eec                HAL_UART_Receive_IT
 .text.HAL_UART_IRQHandler
                0x0000000008004f74      0x5cc ./Drivers/STM32F3xx_HAL_Driver/Src/stm32f3xx_hal_uart.o
                0x0000000008004f74                HAL_UART_IRQHandler
 .text.HAL_UART_TxCpltCallback
                0x0000000008005540       0x14 ./Drivers/STM32F3xx_HAL_Driver/Src/stm32f3xx_hal_uart.o
                0x0000000008005540                HAL_UART_TxCpltCallback
 .text.HAL_UART_ErrorCallback
                0x0000000008005554       0x14 ./Drivers/STM32F3xx_HAL_Driver/Src/stm32f3xx_hal_uart.o
                0x0000000008005554                HAL_UART_ErrorCallback
 .text.HAL_UARTEx_RxEventCallback
                0x0000000008005568       0x18 ./Drivers/STM32F3xx_HAL_Driver/Src/stm32f3xx_hal_uart.o
                0x0000000008005568                HAL_UARTEx_RxEventCallback
 .text.UART_SetConfig
                0x0000000008005580      0x3a8 ./Drivers/STM32F3xx_HAL_Driver/Src/stm32f3xx_hal_uart.o
                0x0000000008005580                UART_SetConfig
 .text.UART_AdvFeatureConfig
                0x0000000008005928      0x144 ./Drivers/STM32F3xx_HAL_Driver/Src/stm32f3xx_hal_uart.o
                0x0000000008005928                UART_AdvFeatureConfig
 .text.UART_CheckIdleState
                0x0000000008005a6c      0x150 ./Drivers/STM32F3xx_HAL_Driver/Src/stm32f3xx_hal_uart.o
                0x0000000008005a6c                UART_CheckIdleState
 .text.UART_WaitOnFlagUntilTimeout
                0x0000000008005bbc       0xce ./Drivers/STM32F3xx_HAL_Driver/Src/stm32f3xx_hal_uart.o
                0x0000000008005bbc                UART_WaitOnFlagUntilTimeout
 *fill*         0x0000000008005c8a        0x2 
 .text.UART_Start_Receive_IT
                0x0000000008005c8c      0x168 ./Drivers/STM32F3xx_HAL_Driver/Src/stm32f3xx_hal_uart.o
                0x0000000008005c8c                UART_Start_Receive_IT
 .text.UART_EndRxTransfer
                0x0000000008005df4       0xc8 ./Drivers/STM32F3xx_HAL_Driver/Src/stm32f3xx_hal_uart.o
 .text.UART_DMAAbortOnError
                0x0000000008005ebc       0x2c ./Drivers/STM32F3xx_HAL_Driver/Src/stm32f3xx_hal_uart.o
 .text.UART_EndTransmit_IT
                0x0000000008005ee8       0x54 ./Drivers/STM32F3xx_HAL_Driver/Src/stm32f3xx_hal_uart.o
 .text.UART_RxISR_8BIT
                0x0000000008005f3c      0x1a8 ./Drivers/STM32F3xx_HAL_Driver/Src/stm32f3xx_hal_uart.o
 .text.UART_RxISR_16BIT
                0x00000000080060e4      0x1a8 ./Drivers/STM32F3xx_HAL_Driver/Src/stm32f3xx_hal_uart.o
 .text.HAL_UARTEx_WakeupCallback
                0x000000000800628c       0x14 ./Drivers/STM32F3xx_HAL_Driver/Src/stm32f3xx_hal_uart_ex.o
                0x000000000800628c                HAL_UARTEx_WakeupCallback
 .text.memset   0x00000000080062a0       0x10 C:/ST/STM32CubeIDE_1.13.0/STM32CubeIDE/plugins/com.st.stm32cube.ide.mcu.externaltools.gnu-tools-for-stm32.11.3.rel1.win32_1.1.0.202305231506/tools/bin/../lib/gcc/arm-none-eabi/11.3.1/../../../../arm-none-eabi/lib/thumb/v7e-m+fp/hard\libc_nano.a(libc_a-memset.o)
                0x00000000080062a0                memset
 .text.__libc_init_array
                0x00000000080062b0       0x48 C:/ST/STM32CubeIDE_1.13.0/STM32CubeIDE/plugins/com.st.stm32cube.ide.mcu.externaltools.gnu-tools-for-stm32.11.3.rel1.win32_1.1.0.202305231506/tools/bin/../lib/gcc/arm-none-eabi/11.3.1/../../../../arm-none-eabi/lib/thumb/v7e-m+fp/hard\libc_nano.a(libc_a-init.o)
                0x00000000080062b0                __libc_init_array
 *(.glue_7)
 .glue_7        0x00000000080062f8        0x0 linker stubs
 *(.glue_7t)
 .glue_7t       0x00000000080062f8        0x0 linker stubs
 *(.eh_frame)
 .eh_frame      0x00000000080062f8        0x0 C:/ST/STM32CubeIDE_1.13.0/STM32CubeIDE/plugins/com.st.stm32cube.ide.mcu.externaltools.gnu-tools-for-stm32.11.3.rel1.win32_1.1.0.202305231506/tools/bin/../lib/gcc/arm-none-eabi/11.3.1/thumb/v7e-m+fp/hard/crtbegin.o
 *(.init)
 .init          0x00000000080062f8        0x4 C:/ST/STM32CubeIDE_1.13.0/STM32CubeIDE/plugins/com.st.stm32cube.ide.mcu.externaltools.gnu-tools-for-stm32.11.3.rel1.win32_1.1.0.202305231506/tools/bin/../lib/gcc/arm-none-eabi/11.3.1/thumb/v7e-m+fp/hard/crti.o
                0x00000000080062f8                _init
 .init          0x00000000080062fc        0x8 C:/ST/STM32CubeIDE_1.13.0/STM32CubeIDE/plugins/com.st.stm32cube.ide.mcu.externaltools.gnu-tools-for-stm32.11.3.rel1.win32_1.1.0.202305231506/tools/bin/../lib/gcc/arm-none-eabi/11.3.1/thumb/v7e-m+fp/hard/crtn.o
 *(.fini)
 .fini          0x0000000008006304        0x4 C:/ST/STM32CubeIDE_1.13.0/STM32CubeIDE/plugins/com.st.stm32cube.ide.mcu.externaltools.gnu-tools-for-stm32.11.3.rel1.win32_1.1.0.202305231506/tools/bin/../lib/gcc/arm-none-eabi/11.3.1/thumb/v7e-m+fp/hard/crti.o
                0x0000000008006304                _fini
 .fini          0x0000000008006308        0x8 C:/ST/STM32CubeIDE_1.13.0/STM32CubeIDE/plugins/com.st.stm32cube.ide.mcu.externaltools.gnu-tools-for-stm32.11.3.rel1.win32_1.1.0.202305231506/tools/bin/../lib/gcc/arm-none-eabi/11.3.1/thumb/v7e-m+fp/hard/crtn.o
                0x0000000008006310                . = ALIGN (0x4)
                0x0000000008006310                _etext = .

.vfp11_veneer   0x0000000008006310        0x0
 .vfp11_veneer  0x0000000008006310        0x0 linker stubs

.v4_bx          0x0000000008006310        0x0
 .v4_bx         0x0000000008006310        0x0 linker stubs

.iplt           0x0000000008006310        0x0
 .iplt          0x0000000008006310        0x0 C:/ST/STM32CubeIDE_1.13.0/STM32CubeIDE/plugins/com.st.stm32cube.ide.mcu.externaltools.gnu-tools-for-stm32.11.3.rel1.win32_1.1.0.202305231506/tools/bin/../lib/gcc/arm-none-eabi/11.3.1/thumb/v7e-m+fp/hard/crtbegin.o

.rodata         0x0000000008006310       0x38
                0x0000000008006310                . = ALIGN (0x4)
 *(.rodata)
 *(.rodata*)
 .rodata.AHBPrescTable
                0x0000000008006310       0x10 ./Core/Src/system_stm32f3xx.o
                0x0000000008006310                AHBPrescTable
 .rodata.APBPrescTable
                0x0000000008006320        0x8 ./Core/Src/system_stm32f3xx.o
                0x0000000008006320                APBPrescTable
 .rodata.aPLLMULFactorTable
                0x0000000008006328       0x10 ./Drivers/STM32F3xx_HAL_Driver/Src/stm32f3xx_hal_rcc.o
 .rodata.aPredivFactorTable
                0x0000000008006338       0x10 ./Drivers/STM32F3xx_HAL_Driver/Src/stm32f3xx_hal_rcc.o
                0x0000000008006348                . = ALIGN (0x4)

.rel.dyn        0x0000000008006348        0x0
 .rel.iplt      0x0000000008006348        0x0 C:/ST/STM32CubeIDE_1.13.0/STM32CubeIDE/plugins/com.st.stm32cube.ide.mcu.externaltools.gnu-tools-for-stm32.11.3.rel1.win32_1.1.0.202305231506/tools/bin/../lib/gcc/arm-none-eabi/11.3.1/thumb/v7e-m+fp/hard/crtbegin.o

.ARM.extab      0x0000000008006348        0x0
                0x0000000008006348                . = ALIGN (0x4)
 *(.ARM.extab* .gnu.linkonce.armextab.*)
                0x0000000008006348                . = ALIGN (0x4)

.ARM            0x0000000008006348        0x0
                0x0000000008006348                . = ALIGN (0x4)
                0x0000000008006348                __exidx_start = .
 *(.ARM.exidx*)
                0x0000000008006348                __exidx_end = .
                0x0000000008006348                . = ALIGN (0x4)

.preinit_array  0x0000000008006348        0x0
                0x0000000008006348                . = ALIGN (0x4)
                0x0000000008006348                PROVIDE (__preinit_array_start = .)
 *(.preinit_array*)
                0x0000000008006348                PROVIDE (__preinit_array_end = .)
                0x0000000008006348                . = ALIGN (0x4)

.init_array     0x0000000008006348        0x4
                0x0000000008006348                . = ALIGN (0x4)
                0x0000000008006348                PROVIDE (__init_array_start = .)
 *(SORT_BY_NAME(.init_array.*))
 *(.init_array*)
 .init_array    0x0000000008006348        0x4 C:/ST/STM32CubeIDE_1.13.0/STM32CubeIDE/plugins/com.st.stm32cube.ide.mcu.externaltools.gnu-tools-for-stm32.11.3.rel1.win32_1.1.0.202305231506/tools/bin/../lib/gcc/arm-none-eabi/11.3.1/thumb/v7e-m+fp/hard/crtbegin.o
                0x000000000800634c                PROVIDE (__init_array_end = .)
                0x000000000800634c                . = ALIGN (0x4)

.fini_array     0x000000000800634c        0x4
                0x000000000800634c                . = ALIGN (0x4)
                [!provide]                        PROVIDE (__fini_array_start = .)
 *(SORT_BY_NAME(.fini_array.*))
 *(.fini_array*)
 .fini_array    0x000000000800634c        0x4 C:/ST/STM32CubeIDE_1.13.0/STM32CubeIDE/plugins/com.st.stm32cube.ide.mcu.externaltools.gnu-tools-for-stm32.11.3.rel1.win32_1.1.0.202305231506/tools/bin/../lib/gcc/arm-none-eabi/11.3.1/thumb/v7e-m+fp/hard/crtbegin.o
                [!provide]                        PROVIDE (__fini_array_end = .)
                0x0000000008006350                . = ALIGN (0x4)
                0x0000000008006350                _sidata = LOADADDR (.data)

.data           0x0000000020000000      0x204 load address 0x0000000008006350
                0x0000000020000000                . = ALIGN (0x4)
                0x0000000020000000                _sdata = .
 *(.data)
 *(.data*)
 .data.cmd_list
                0x0000000020000000       0x18 ./Core/Src/bufete_functions.o
 .data.led_list
                0x0000000020000018       0x50 ./Core/Src/led_bufete.o
 .data.sensor_list
                0x0000000020000068      0x190 ./Core/Src/sensor_bufete.o
 .data.SystemCoreClock
                0x00000000200001f8        0x4 ./Core/Src/system_stm32f3xx.o
                0x00000000200001f8                SystemCoreClock
 .data.uwTickPrio
                0x00000000200001fc        0x4 ./Drivers/STM32F3xx_HAL_Driver/Src/stm32f3xx_hal.o
                0x00000000200001fc                uwTickPrio
 .data.uwTickFreq
                0x0000000020000200        0x1 ./Drivers/STM32F3xx_HAL_Driver/Src/stm32f3xx_hal.o
                0x0000000020000200                uwTickFreq
 *(.RamFunc)
 *(.RamFunc*)
                0x0000000020000204                . = ALIGN (0x4)
 *fill*         0x0000000020000201        0x3 
                0x0000000020000204                _edata = .
                0x0000000008006554                _siccmram = LOADADDR (.ccmram)

.igot.plt       0x0000000020000204        0x0 load address 0x0000000008006554
 .igot.plt      0x0000000020000204        0x0 C:/ST/STM32CubeIDE_1.13.0/STM32CubeIDE/plugins/com.st.stm32cube.ide.mcu.externaltools.gnu-tools-for-stm32.11.3.rel1.win32_1.1.0.202305231506/tools/bin/../lib/gcc/arm-none-eabi/11.3.1/thumb/v7e-m+fp/hard/crtbegin.o

.ccmram         0x0000000010000000        0x0 load address 0x0000000008006554
                0x0000000010000000                . = ALIGN (0x4)
                0x0000000010000000                _sccmram = .
 *(.ccmram)
 *(.ccmram*)
                0x0000000010000000                . = ALIGN (0x4)
                0x0000000010000000                _eccmram = .
                0x0000000010000000                . = ALIGN (0x4)

.bss            0x0000000020000204      0x3d0
                0x0000000020000204                _sbss = .
                0x0000000020000204                __bss_start__ = _sbss
 *(.bss)
 .bss           0x0000000020000204       0x1c C:/ST/STM32CubeIDE_1.13.0/STM32CubeIDE/plugins/com.st.stm32cube.ide.mcu.externaltools.gnu-tools-for-stm32.11.3.rel1.win32_1.1.0.202305231506/tools/bin/../lib/gcc/arm-none-eabi/11.3.1/thumb/v7e-m+fp/hard/crtbegin.o
 *(.bss*)
 .bss.hadc1     0x0000000020000220       0x50 ./Core/Src/adc.o
                0x0000000020000220                hadc1
 .bss.hadc2     0x0000000020000270       0x50 ./Core/Src/adc.o
                0x0000000020000270                hadc2
 .bss.hadc3     0x00000000200002c0       0x50 ./Core/Src/adc.o
                0x00000000200002c0                hadc3
 .bss.HAL_RCC_ADC12_CLK_ENABLED
                0x0000000020000310        0x4 ./Core/Src/adc.o
 .bss.buffer    0x0000000020000314       0x40 ./Core/Src/bufete_functions.o
 .bss.data_size
                0x0000000020000354        0x4 ./Core/Src/bufete_functions.o
 .bss.ring_buff
                0x0000000020000358       0x48 ./Core/Src/main.o
                0x0000000020000358                ring_buff
 .bss.rx_bufete
                0x00000000200003a0       0x10 ./Core/Src/main.o
                0x00000000200003a0                rx_bufete
 .bss.bufete_tx
                0x00000000200003b0        0x4 ./Core/Src/main.o
                0x00000000200003b0                bufete_tx
 .bss.payloadSize
                0x00000000200003b4        0x2 ./Core/Src/main.o
                0x00000000200003b4                payloadSize
 *fill*         0x00000000200003b6        0x2 
 .bss.payload_store
                0x00000000200003b8       0x40 ./Core/Src/main.o
                0x00000000200003b8                payload_store
 .bss.response_store
                0x00000000200003f8      0x100 ./Core/Src/main.o
                0x00000000200003f8                response_store
 .bss.response_size
                0x00000000200004f8        0x4 ./Core/Src/main.o
                0x00000000200004f8                response_size
 .bss.htim2     0x00000000200004fc       0x4c ./Core/Src/tim.o
                0x00000000200004fc                htim2
 .bss.huart1    0x0000000020000548       0x88 ./Core/Src/usart.o
                0x0000000020000548                huart1
 .bss.uwTick    0x00000000200005d0        0x4 ./Drivers/STM32F3xx_HAL_Driver/Src/stm32f3xx_hal.o
                0x00000000200005d0                uwTick
 *(COMMON)
                0x00000000200005d4                . = ALIGN (0x4)
                0x00000000200005d4                _ebss = .
                0x00000000200005d4                __bss_end__ = _ebss

._user_heap_stack
                0x00000000200005d4      0x604
                0x00000000200005d8                . = ALIGN (0x8)
 *fill*         0x00000000200005d4        0x4 
                [!provide]                        PROVIDE (end = .)
                0x00000000200005d8                PROVIDE (_end = .)
                0x00000000200007d8                . = (. + _Min_Heap_Size)
 *fill*         0x00000000200005d8      0x200 
                0x0000000020000bd8                . = (. + _Min_Stack_Size)
 *fill*         0x00000000200007d8      0x400 
                0x0000000020000bd8                . = ALIGN (0x8)

/DISCARD/
 libc.a(*)
 libm.a(*)
 libgcc.a(*)

.ARM.attributes
                0x0000000000000000       0x30
 *(.ARM.attributes)
 .ARM.attributes
                0x0000000000000000       0x1e C:/ST/STM32CubeIDE_1.13.0/STM32CubeIDE/plugins/com.st.stm32cube.ide.mcu.externaltools.gnu-tools-for-stm32.11.3.rel1.win32_1.1.0.202305231506/tools/bin/../lib/gcc/arm-none-eabi/11.3.1/thumb/v7e-m+fp/hard/crti.o
 .ARM.attributes
                0x000000000000001e       0x34 C:/ST/STM32CubeIDE_1.13.0/STM32CubeIDE/plugins/com.st.stm32cube.ide.mcu.externaltools.gnu-tools-for-stm32.11.3.rel1.win32_1.1.0.202305231506/tools/bin/../lib/gcc/arm-none-eabi/11.3.1/thumb/v7e-m+fp/hard/crtbegin.o
 .ARM.attributes
                0x0000000000000052       0x34 ./Core/Src/adc.o
 .ARM.attributes
                0x0000000000000086       0x34 ./Core/Src/bufete_functions.o
 .ARM.attributes
                0x00000000000000ba       0x34 ./Core/Src/bufete_rx.o
 .ARM.attributes
                0x00000000000000ee       0x34 ./Core/Src/bufete_tx.o
 .ARM.attributes
                0x0000000000000122       0x34 ./Core/Src/gpio.o
 .ARM.attributes
                0x0000000000000156       0x34 ./Core/Src/led_bufete.o
 .ARM.attributes
                0x000000000000018a       0x34 ./Core/Src/main.o
 .ARM.attributes
                0x00000000000001be       0x34 ./Core/Src/ringbuffer.o
 .ARM.attributes
                0x00000000000001f2       0x34 ./Core/Src/sensor_bufete.o
 .ARM.attributes
                0x0000000000000226       0x34 ./Core/Src/stm32f3xx_hal_msp.o
 .ARM.attributes
                0x000000000000025a       0x34 ./Core/Src/stm32f3xx_it.o
 .ARM.attributes
                0x000000000000028e       0x34 ./Core/Src/system_stm32f3xx.o
 .ARM.attributes
                0x00000000000002c2       0x34 ./Core/Src/tim.o
 .ARM.attributes
                0x00000000000002f6       0x34 ./Core/Src/usart.o
 .ARM.attributes
                0x000000000000032a       0x21 ./Core/Startup/startup_stm32f303cctx.o
 .ARM.attributes
                0x000000000000034b       0x34 ./Drivers/STM32F3xx_HAL_Driver/Src/stm32f3xx_hal.o
 .ARM.attributes
                0x000000000000037f       0x34 ./Drivers/STM32F3xx_HAL_Driver/Src/stm32f3xx_hal_adc_ex.o
 .ARM.attributes
                0x00000000000003b3       0x34 ./Drivers/STM32F3xx_HAL_Driver/Src/stm32f3xx_hal_cortex.o
 .ARM.attributes
                0x00000000000003e7       0x34 ./Drivers/STM32F3xx_HAL_Driver/Src/stm32f3xx_hal_dma.o
 .ARM.attributes
                0x000000000000041b       0x34 ./Drivers/STM32F3xx_HAL_Driver/Src/stm32f3xx_hal_gpio.o
 .ARM.attributes
                0x000000000000044f       0x34 ./Drivers/STM32F3xx_HAL_Driver/Src/stm32f3xx_hal_rcc.o
 .ARM.attributes
                0x0000000000000483       0x34 ./Drivers/STM32F3xx_HAL_Driver/Src/stm32f3xx_hal_rcc_ex.o
 .ARM.attributes
                0x00000000000004b7       0x34 ./Drivers/STM32F3xx_HAL_Driver/Src/stm32f3xx_hal_tim.o
 .ARM.attributes
                0x00000000000004eb       0x34 ./Drivers/STM32F3xx_HAL_Driver/Src/stm32f3xx_hal_tim_ex.o
 .ARM.attributes
                0x000000000000051f       0x34 ./Drivers/STM32F3xx_HAL_Driver/Src/stm32f3xx_hal_uart.o
 .ARM.attributes
                0x0000000000000553       0x34 ./Drivers/STM32F3xx_HAL_Driver/Src/stm32f3xx_hal_uart_ex.o
 .ARM.attributes
                0x0000000000000587       0x34 C:/ST/STM32CubeIDE_1.13.0/STM32CubeIDE/plugins/com.st.stm32cube.ide.mcu.externaltools.gnu-tools-for-stm32.11.3.rel1.win32_1.1.0.202305231506/tools/bin/../lib/gcc/arm-none-eabi/11.3.1/../../../../arm-none-eabi/lib/thumb/v7e-m+fp/hard\libc_nano.a(libc_a-memset.o)
 .ARM.attributes
                0x00000000000005bb       0x34 C:/ST/STM32CubeIDE_1.13.0/STM32CubeIDE/plugins/com.st.stm32cube.ide.mcu.externaltools.gnu-tools-for-stm32.11.3.rel1.win32_1.1.0.202305231506/tools/bin/../lib/gcc/arm-none-eabi/11.3.1/../../../../arm-none-eabi/lib/thumb/v7e-m+fp/hard\libc_nano.a(libc_a-init.o)
 .ARM.attributes
                0x00000000000005ef       0x1e C:/ST/STM32CubeIDE_1.13.0/STM32CubeIDE/plugins/com.st.stm32cube.ide.mcu.externaltools.gnu-tools-for-stm32.11.3.rel1.win32_1.1.0.202305231506/tools/bin/../lib/gcc/arm-none-eabi/11.3.1/thumb/v7e-m+fp/hard/crtn.o
OUTPUT(bufete.elf elf32-littlearm)
LOAD linker stubs
LOAD C:/ST/STM32CubeIDE_1.13.0/STM32CubeIDE/plugins/com.st.stm32cube.ide.mcu.externaltools.gnu-tools-for-stm32.11.3.rel1.win32_1.1.0.202305231506/tools/bin/../lib/gcc/arm-none-eabi/11.3.1/../../../../arm-none-eabi/lib/thumb/v7e-m+fp/hard\libc.a
LOAD C:/ST/STM32CubeIDE_1.13.0/STM32CubeIDE/plugins/com.st.stm32cube.ide.mcu.externaltools.gnu-tools-for-stm32.11.3.rel1.win32_1.1.0.202305231506/tools/bin/../lib/gcc/arm-none-eabi/11.3.1/../../../../arm-none-eabi/lib/thumb/v7e-m+fp/hard\libm.a
LOAD C:/ST/STM32CubeIDE_1.13.0/STM32CubeIDE/plugins/com.st.stm32cube.ide.mcu.externaltools.gnu-tools-for-stm32.11.3.rel1.win32_1.1.0.202305231506/tools/bin/../lib/gcc/arm-none-eabi/11.3.1/thumb/v7e-m+fp/hard\libgcc.a

.comment        0x0000000000000000       0x43
 .comment       0x0000000000000000       0x43 C:/ST/STM32CubeIDE_1.13.0/STM32CubeIDE/plugins/com.st.stm32cube.ide.mcu.externaltools.gnu-tools-for-stm32.11.3.rel1.win32_1.1.0.202305231506/tools/bin/../lib/gcc/arm-none-eabi/11.3.1/thumb/v7e-m+fp/hard/crtbegin.o
                                         0x44 (size before relaxing)
 .comment       0x0000000000000043       0x44 ./Core/Src/adc.o
 .comment       0x0000000000000043       0x44 ./Core/Src/bufete_functions.o
 .comment       0x0000000000000043       0x44 ./Core/Src/bufete_rx.o
 .comment       0x0000000000000043       0x44 ./Core/Src/bufete_tx.o
 .comment       0x0000000000000043       0x44 ./Core/Src/gpio.o
 .comment       0x0000000000000043       0x44 ./Core/Src/led_bufete.o
 .comment       0x0000000000000043       0x44 ./Core/Src/main.o
 .comment       0x0000000000000043       0x44 ./Core/Src/ringbuffer.o
 .comment       0x0000000000000043       0x44 ./Core/Src/sensor_bufete.o
 .comment       0x0000000000000043       0x44 ./Core/Src/stm32f3xx_hal_msp.o
 .comment       0x0000000000000043       0x44 ./Core/Src/stm32f3xx_it.o
 .comment       0x0000000000000043       0x44 ./Core/Src/system_stm32f3xx.o
 .comment       0x0000000000000043       0x44 ./Core/Src/tim.o
 .comment       0x0000000000000043       0x44 ./Core/Src/usart.o
 .comment       0x0000000000000043       0x44 ./Drivers/STM32F3xx_HAL_Driver/Src/stm32f3xx_hal.o
 .comment       0x0000000000000043       0x44 ./Drivers/STM32F3xx_HAL_Driver/Src/stm32f3xx_hal_adc_ex.o
 .comment       0x0000000000000043       0x44 ./Drivers/STM32F3xx_HAL_Driver/Src/stm32f3xx_hal_cortex.o
 .comment       0x0000000000000043       0x44 ./Drivers/STM32F3xx_HAL_Driver/Src/stm32f3xx_hal_dma.o
 .comment       0x0000000000000043       0x44 ./Drivers/STM32F3xx_HAL_Driver/Src/stm32f3xx_hal_gpio.o
 .comment       0x0000000000000043       0x44 ./Drivers/STM32F3xx_HAL_Driver/Src/stm32f3xx_hal_rcc.o
 .comment       0x0000000000000043       0x44 ./Drivers/STM32F3xx_HAL_Driver/Src/stm32f3xx_hal_rcc_ex.o
 .comment       0x0000000000000043       0x44 ./Drivers/STM32F3xx_HAL_Driver/Src/stm32f3xx_hal_tim.o
 .comment       0x0000000000000043       0x44 ./Drivers/STM32F3xx_HAL_Driver/Src/stm32f3xx_hal_tim_ex.o
 .comment       0x0000000000000043       0x44 ./Drivers/STM32F3xx_HAL_Driver/Src/stm32f3xx_hal_uart.o
 .comment       0x0000000000000043       0x44 ./Drivers/STM32F3xx_HAL_Driver/Src/stm32f3xx_hal_uart_ex.o

.debug_info     0x0000000000000000    0x13eee
 .debug_info    0x0000000000000000      0xb94 ./Core/Src/adc.o
 .debug_info    0x0000000000000b94      0x8fd ./Core/Src/bufete_functions.o
 .debug_info    0x0000000000001491      0x892 ./Core/Src/bufete_rx.o
 .debug_info    0x0000000000001d23      0x753 ./Core/Src/bufete_tx.o
 .debug_info    0x0000000000002476      0x33d ./Core/Src/gpio.o
 .debug_info    0x00000000000027b3      0x2cb ./Core/Src/led_bufete.o
 .debug_info    0x0000000000002a7e      0xfca ./Core/Src/main.o
 .debug_info    0x0000000000003a48      0x28d ./Core/Src/ringbuffer.o
 .debug_info    0x0000000000003cd5      0x993 ./Core/Src/sensor_bufete.o
 .debug_info    0x0000000000004668      0x18d ./Core/Src/stm32f3xx_hal_msp.o
 .debug_info    0x00000000000047f5      0x6ee ./Core/Src/stm32f3xx_it.o
 .debug_info    0x0000000000004ee3      0x407 ./Core/Src/system_stm32f3xx.o
 .debug_info    0x00000000000052ea      0x8a0 ./Core/Src/tim.o
 .debug_info    0x0000000000005b8a      0xb42 ./Core/Src/usart.o
 .debug_info    0x00000000000066cc       0x23 ./Core/Startup/startup_stm32f303cctx.o
 .debug_info    0x00000000000066ef      0x7d4 ./Drivers/STM32F3xx_HAL_Driver/Src/stm32f3xx_hal.o
 .debug_info    0x0000000000006ec3     0x15b2 ./Drivers/STM32F3xx_HAL_Driver/Src/stm32f3xx_hal_adc_ex.o
 .debug_info    0x0000000000008475      0xcaf ./Drivers/STM32F3xx_HAL_Driver/Src/stm32f3xx_hal_cortex.o
 .debug_info    0x0000000000009124      0x6e1 ./Drivers/STM32F3xx_HAL_Driver/Src/stm32f3xx_hal_dma.o
 .debug_info    0x0000000000009805      0x5fe ./Drivers/STM32F3xx_HAL_Driver/Src/stm32f3xx_hal_gpio.o
 .debug_info    0x0000000000009e03     0x14f1 ./Drivers/STM32F3xx_HAL_Driver/Src/stm32f3xx_hal_rcc.o
 .debug_info    0x000000000000b2f4      0x601 ./Drivers/STM32F3xx_HAL_Driver/Src/stm32f3xx_hal_rcc_ex.o
 .debug_info    0x000000000000b8f5     0x2a52 ./Drivers/STM32F3xx_HAL_Driver/Src/stm32f3xx_hal_tim.o
 .debug_info    0x000000000000e347     0x156d ./Drivers/STM32F3xx_HAL_Driver/Src/stm32f3xx_hal_tim_ex.o
 .debug_info    0x000000000000f8b4     0x39a8 ./Drivers/STM32F3xx_HAL_Driver/Src/stm32f3xx_hal_uart.o
 .debug_info    0x000000000001325c      0xc92 ./Drivers/STM32F3xx_HAL_Driver/Src/stm32f3xx_hal_uart_ex.o

.debug_abbrev   0x0000000000000000     0x3376
 .debug_abbrev  0x0000000000000000      0x247 ./Core/Src/adc.o
 .debug_abbrev  0x0000000000000247      0x24e ./Core/Src/bufete_functions.o
 .debug_abbrev  0x0000000000000495      0x1d2 ./Core/Src/bufete_rx.o
 .debug_abbrev  0x0000000000000667      0x1a0 ./Core/Src/bufete_tx.o
 .debug_abbrev  0x0000000000000807      0x151 ./Core/Src/gpio.o
 .debug_abbrev  0x0000000000000958      0x17f ./Core/Src/led_bufete.o
 .debug_abbrev  0x0000000000000ad7      0x267 ./Core/Src/main.o
 .debug_abbrev  0x0000000000000d3e      0x15a ./Core/Src/ringbuffer.o
 .debug_abbrev  0x0000000000000e98      0x233 ./Core/Src/sensor_bufete.o
 .debug_abbrev  0x00000000000010cb       0xc6 ./Core/Src/stm32f3xx_hal_msp.o
 .debug_abbrev  0x0000000000001191      0x173 ./Core/Src/stm32f3xx_it.o
 .debug_abbrev  0x0000000000001304      0x11a ./Core/Src/system_stm32f3xx.o
 .debug_abbrev  0x000000000000141e      0x1d8 ./Core/Src/tim.o
 .debug_abbrev  0x00000000000015f6      0x1fb ./Core/Src/usart.o
 .debug_abbrev  0x00000000000017f1       0x12 ./Core/Startup/startup_stm32f303cctx.o
 .debug_abbrev  0x0000000000001803      0x215 ./Drivers/STM32F3xx_HAL_Driver/Src/stm32f3xx_hal.o
 .debug_abbrev  0x0000000000001a18      0x28e ./Drivers/STM32F3xx_HAL_Driver/Src/stm32f3xx_hal_adc_ex.o
 .debug_abbrev  0x0000000000001ca6      0x329 ./Drivers/STM32F3xx_HAL_Driver/Src/stm32f3xx_hal_cortex.o
 .debug_abbrev  0x0000000000001fcf      0x20d ./Drivers/STM32F3xx_HAL_Driver/Src/stm32f3xx_hal_dma.o
 .debug_abbrev  0x00000000000021dc      0x1ca ./Drivers/STM32F3xx_HAL_Driver/Src/stm32f3xx_hal_gpio.o
 .debug_abbrev  0x00000000000023a6      0x300 ./Drivers/STM32F3xx_HAL_Driver/Src/stm32f3xx_hal_rcc.o
 .debug_abbrev  0x00000000000026a6      0x245 ./Drivers/STM32F3xx_HAL_Driver/Src/stm32f3xx_hal_rcc_ex.o
 .debug_abbrev  0x00000000000028eb      0x278 ./Drivers/STM32F3xx_HAL_Driver/Src/stm32f3xx_hal_tim.o
 .debug_abbrev  0x0000000000002b63      0x283 ./Drivers/STM32F3xx_HAL_Driver/Src/stm32f3xx_hal_tim_ex.o
 .debug_abbrev  0x0000000000002de6      0x2d1 ./Drivers/STM32F3xx_HAL_Driver/Src/stm32f3xx_hal_uart.o
 .debug_abbrev  0x00000000000030b7      0x2bf ./Drivers/STM32F3xx_HAL_Driver/Src/stm32f3xx_hal_uart_ex.o

.debug_aranges  0x0000000000000000     0x1028
 .debug_aranges
                0x0000000000000000       0x40 ./Core/Src/adc.o
 .debug_aranges
                0x0000000000000040       0x40 ./Core/Src/bufete_functions.o
 .debug_aranges
                0x0000000000000080       0x40 ./Core/Src/bufete_rx.o
 .debug_aranges
                0x00000000000000c0       0x28 ./Core/Src/bufete_tx.o
 .debug_aranges
                0x00000000000000e8       0x20 ./Core/Src/gpio.o
 .debug_aranges
                0x0000000000000108       0x30 ./Core/Src/led_bufete.o
 .debug_aranges
                0x0000000000000138       0x38 ./Core/Src/main.o
 .debug_aranges
                0x0000000000000170       0x50 ./Core/Src/ringbuffer.o
 .debug_aranges
                0x00000000000001c0       0x40 ./Core/Src/sensor_bufete.o
 .debug_aranges
                0x0000000000000200       0x20 ./Core/Src/stm32f3xx_hal_msp.o
 .debug_aranges
                0x0000000000000220       0x68 ./Core/Src/stm32f3xx_it.o
 .debug_aranges
                0x0000000000000288       0x28 ./Core/Src/system_stm32f3xx.o
 .debug_aranges
                0x00000000000002b0       0x30 ./Core/Src/tim.o
 .debug_aranges
                0x00000000000002e0       0x30 ./Core/Src/usart.o
 .debug_aranges
                0x0000000000000310       0x28 ./Core/Startup/startup_stm32f303cctx.o
 .debug_aranges
                0x0000000000000338       0xe0 ./Drivers/STM32F3xx_HAL_Driver/Src/stm32f3xx_hal.o
 .debug_aranges
                0x0000000000000418      0x168 ./Drivers/STM32F3xx_HAL_Driver/Src/stm32f3xx_hal_adc_ex.o
 .debug_aranges
                0x0000000000000580      0x118 ./Drivers/STM32F3xx_HAL_Driver/Src/stm32f3xx_hal_cortex.o
 .debug_aranges
                0x0000000000000698       0x88 ./Drivers/STM32F3xx_HAL_Driver/Src/stm32f3xx_hal_dma.o
 .debug_aranges
                0x0000000000000720       0x58 ./Drivers/STM32F3xx_HAL_Driver/Src/stm32f3xx_hal_gpio.o
 .debug_aranges
                0x0000000000000778       0x88 ./Drivers/STM32F3xx_HAL_Driver/Src/stm32f3xx_hal_rcc.o
 .debug_aranges
                0x0000000000000800       0x38 ./Drivers/STM32F3xx_HAL_Driver/Src/stm32f3xx_hal_rcc_ex.o
 .debug_aranges
                0x0000000000000838      0x3e0 ./Drivers/STM32F3xx_HAL_Driver/Src/stm32f3xx_hal_tim.o
 .debug_aranges
                0x0000000000000c18      0x178 ./Drivers/STM32F3xx_HAL_Driver/Src/stm32f3xx_hal_tim_ex.o
 .debug_aranges
                0x0000000000000d90      0x228 ./Drivers/STM32F3xx_HAL_Driver/Src/stm32f3xx_hal_uart.o
 .debug_aranges
                0x0000000000000fb8       0x70 ./Drivers/STM32F3xx_HAL_Driver/Src/stm32f3xx_hal_uart_ex.o

.debug_rnglists
                0x0000000000000000      0xc83
 .debug_rnglists
                0x0000000000000000       0x30 ./Core/Src/adc.o
 .debug_rnglists
                0x0000000000000030       0x2c ./Core/Src/bufete_functions.o
 .debug_rnglists
                0x000000000000005c       0x2c ./Core/Src/bufete_rx.o
 .debug_rnglists
                0x0000000000000088       0x1a ./Core/Src/bufete_tx.o
 .debug_rnglists
                0x00000000000000a2       0x14 ./Core/Src/gpio.o
 .debug_rnglists
                0x00000000000000b6       0x1f ./Core/Src/led_bufete.o
 .debug_rnglists
                0x00000000000000d5       0x27 ./Core/Src/main.o
 .debug_rnglists
                0x00000000000000fc       0x37 ./Core/Src/ringbuffer.o
 .debug_rnglists
                0x0000000000000133       0x2d ./Core/Src/sensor_bufete.o
 .debug_rnglists
                0x0000000000000160       0x13 ./Core/Src/stm32f3xx_hal_msp.o
 .debug_rnglists
                0x0000000000000173       0x49 ./Core/Src/stm32f3xx_it.o
 .debug_rnglists
                0x00000000000001bc       0x1a ./Core/Src/system_stm32f3xx.o
 .debug_rnglists
                0x00000000000001d6       0x20 ./Core/Src/tim.o
 .debug_rnglists
                0x00000000000001f6       0x20 ./Core/Src/usart.o
 .debug_rnglists
                0x0000000000000216       0x19 ./Core/Startup/startup_stm32f303cctx.o
 .debug_rnglists
                0x000000000000022f       0xa3 ./Drivers/STM32F3xx_HAL_Driver/Src/stm32f3xx_hal.o
 .debug_rnglists
                0x00000000000002d2      0x126 ./Drivers/STM32F3xx_HAL_Driver/Src/stm32f3xx_hal_adc_ex.o
 .debug_rnglists
                0x00000000000003f8       0xce ./Drivers/STM32F3xx_HAL_Driver/Src/stm32f3xx_hal_cortex.o
 .debug_rnglists
                0x00000000000004c6       0x69 ./Drivers/STM32F3xx_HAL_Driver/Src/stm32f3xx_hal_dma.o
 .debug_rnglists
                0x000000000000052f       0x3f ./Drivers/STM32F3xx_HAL_Driver/Src/stm32f3xx_hal_gpio.o
 .debug_rnglists
                0x000000000000056e       0x66 ./Drivers/STM32F3xx_HAL_Driver/Src/stm32f3xx_hal_rcc.o
 .debug_rnglists
                0x00000000000005d4       0x28 ./Drivers/STM32F3xx_HAL_Driver/Src/stm32f3xx_hal_rcc_ex.o
 .debug_rnglists
                0x00000000000005fc      0x328 ./Drivers/STM32F3xx_HAL_Driver/Src/stm32f3xx_hal_tim.o
 .debug_rnglists
                0x0000000000000924      0x131 ./Drivers/STM32F3xx_HAL_Driver/Src/stm32f3xx_hal_tim_ex.o
 .debug_rnglists
                0x0000000000000a55      0x1da ./Drivers/STM32F3xx_HAL_Driver/Src/stm32f3xx_hal_uart.o
 .debug_rnglists
                0x0000000000000c2f       0x54 ./Drivers/STM32F3xx_HAL_Driver/Src/stm32f3xx_hal_uart_ex.o

.debug_macro    0x0000000000000000    0x1f5fe
 .debug_macro   0x0000000000000000      0x204 ./Core/Src/adc.o
 .debug_macro   0x0000000000000204      0xaa8 ./Core/Src/adc.o
 .debug_macro   0x0000000000000cac      0x15d ./Core/Src/adc.o
 .debug_macro   0x0000000000000e09       0x2e ./Core/Src/adc.o
 .debug_macro   0x0000000000000e37       0x28 ./Core/Src/adc.o
 .debug_macro   0x0000000000000e5f       0x22 ./Core/Src/adc.o
 .debug_macro   0x0000000000000e81       0x8e ./Core/Src/adc.o
 .debug_macro   0x0000000000000f0f       0x51 ./Core/Src/adc.o
 .debug_macro   0x0000000000000f60      0x103 ./Core/Src/adc.o
 .debug_macro   0x0000000000001063       0x6a ./Core/Src/adc.o
 .debug_macro   0x00000000000010cd      0x1df ./Core/Src/adc.o
 .debug_macro   0x00000000000012ac       0x1c ./Core/Src/adc.o
 .debug_macro   0x00000000000012c8       0x22 ./Core/Src/adc.o
 .debug_macro   0x00000000000012ea       0xd9 ./Core/Src/adc.o
 .debug_macro   0x00000000000013c3     0x102d ./Core/Src/adc.o
 .debug_macro   0x00000000000023f0      0x11f ./Core/Src/adc.o
 .debug_macro   0x000000000000250f    0x12a3a ./Core/Src/adc.o
 .debug_macro   0x0000000000014f49       0x6d ./Core/Src/adc.o
 .debug_macro   0x0000000000014fb6     0x3558 ./Core/Src/adc.o
 .debug_macro   0x000000000001850e      0x174 ./Core/Src/adc.o
 .debug_macro   0x0000000000018682       0x55 ./Core/Src/adc.o
 .debug_macro   0x00000000000186d7      0x961 ./Core/Src/adc.o
 .debug_macro   0x0000000000019038      0x5fe ./Core/Src/adc.o
 .debug_macro   0x0000000000019636      0x1b5 ./Core/Src/adc.o
 .debug_macro   0x00000000000197eb      0x1fb ./Core/Src/adc.o
 .debug_macro   0x00000000000199e6      0x1dc ./Core/Src/adc.o
 .debug_macro   0x0000000000019bc2      0x1bc ./Core/Src/adc.o
 .debug_macro   0x0000000000019d7e       0x30 ./Core/Src/adc.o
 .debug_macro   0x0000000000019dae       0x3c ./Core/Src/adc.o
 .debug_macro   0x0000000000019dea      0x235 ./Core/Src/adc.o
 .debug_macro   0x000000000001a01f      0x9b1 ./Core/Src/adc.o
 .debug_macro   0x000000000001a9d0       0x77 ./Core/Src/adc.o
 .debug_macro   0x000000000001aa47       0xc5 ./Core/Src/adc.o
 .debug_macro   0x000000000001ab0c      0x21d ./Core/Src/adc.o
 .debug_macro   0x000000000001ad29      0x22c ./Core/Src/adc.o
 .debug_macro   0x000000000001af55       0x5b ./Core/Src/adc.o
 .debug_macro   0x000000000001afb0       0xa5 ./Core/Src/adc.o
 .debug_macro   0x000000000001b055       0x81 ./Core/Src/adc.o
 .debug_macro   0x000000000001b0d6       0xd3 ./Core/Src/adc.o
 .debug_macro   0x000000000001b1a9      0xa59 ./Core/Src/adc.o
 .debug_macro   0x000000000001bc02       0x89 ./Core/Src/adc.o
 .debug_macro   0x000000000001bc8b      0x5ba ./Core/Src/adc.o
 .debug_macro   0x000000000001c245       0x3e ./Core/Src/adc.o
 .debug_macro   0x000000000001c283      0x275 ./Core/Src/adc.o
 .debug_macro   0x000000000001c4f8      0x22b ./Core/Src/bufete_functions.o
 .debug_macro   0x000000000001c723       0x28 ./Core/Src/bufete_functions.o
 .debug_macro   0x000000000001c74b      0x21d ./Core/Src/bufete_rx.o
 .debug_macro   0x000000000001c968      0x20c ./Core/Src/bufete_tx.o
 .debug_macro   0x000000000001cb74       0x10 ./Core/Src/bufete_tx.o
 .debug_macro   0x000000000001cb84      0x204 ./Core/Src/gpio.o
 .debug_macro   0x000000000001cd88      0x204 ./Core/Src/led_bufete.o
 .debug_macro   0x000000000001cf8c      0x274 ./Core/Src/main.o
 .debug_macro   0x000000000001d200      0x20d ./Core/Src/ringbuffer.o
 .debug_macro   0x000000000001d40d      0x214 ./Core/Src/sensor_bufete.o
 .debug_macro   0x000000000001d621      0x1fa ./Core/Src/stm32f3xx_hal_msp.o
 .debug_macro   0x000000000001d81b      0x204 ./Core/Src/stm32f3xx_it.o
 .debug_macro   0x000000000001da1f      0x1f0 ./Core/Src/system_stm32f3xx.o
 .debug_macro   0x000000000001dc0f      0x204 ./Core/Src/tim.o
 .debug_macro   0x000000000001de13      0x204 ./Core/Src/usart.o
 .debug_macro   0x000000000001e017      0x214 ./Drivers/STM32F3xx_HAL_Driver/Src/stm32f3xx_hal.o
 .debug_macro   0x000000000001e22b      0x21a ./Drivers/STM32F3xx_HAL_Driver/Src/stm32f3xx_hal_adc_ex.o
 .debug_macro   0x000000000001e445      0x1f0 ./Drivers/STM32F3xx_HAL_Driver/Src/stm32f3xx_hal_cortex.o
 .debug_macro   0x000000000001e635      0x1f0 ./Drivers/STM32F3xx_HAL_Driver/Src/stm32f3xx_hal_dma.o
 .debug_macro   0x000000000001e825      0x1f7 ./Drivers/STM32F3xx_HAL_Driver/Src/stm32f3xx_hal_gpio.o
 .debug_macro   0x000000000001ea1c      0x214 ./Drivers/STM32F3xx_HAL_Driver/Src/stm32f3xx_hal_rcc.o
 .debug_macro   0x000000000001ec30      0x1f0 ./Drivers/STM32F3xx_HAL_Driver/Src/stm32f3xx_hal_rcc_ex.o
 .debug_macro   0x000000000001ee20      0x1f1 ./Drivers/STM32F3xx_HAL_Driver/Src/stm32f3xx_hal_tim.o
 .debug_macro   0x000000000001f011      0x1f0 ./Drivers/STM32F3xx_HAL_Driver/Src/stm32f3xx_hal_tim_ex.o
 .debug_macro   0x000000000001f201      0x20d ./Drivers/STM32F3xx_HAL_Driver/Src/stm32f3xx_hal_uart.o
 .debug_macro   0x000000000001f40e      0x1f0 ./Drivers/STM32F3xx_HAL_Driver/Src/stm32f3xx_hal_uart_ex.o

.debug_line     0x0000000000000000    0x1873c
 .debug_line    0x0000000000000000      0x9a5 ./Core/Src/adc.o
 .debug_line    0x00000000000009a5      0x92c ./Core/Src/bufete_functions.o
 .debug_line    0x00000000000012d1      0x89b ./Core/Src/bufete_rx.o
 .debug_line    0x0000000000001b6c      0x817 ./Core/Src/bufete_tx.o
 .debug_line    0x0000000000002383      0x7db ./Core/Src/gpio.o
 .debug_line    0x0000000000002b5e      0x805 ./Core/Src/led_bufete.o
 .debug_line    0x0000000000003363      0x914 ./Core/Src/main.o
 .debug_line    0x0000000000003c77      0x8da ./Core/Src/ringbuffer.o
 .debug_line    0x0000000000004551      0x8a4 ./Core/Src/sensor_bufete.o
 .debug_line    0x0000000000004df5      0x7a2 ./Core/Src/stm32f3xx_hal_msp.o
 .debug_line    0x0000000000005597      0x87d ./Core/Src/stm32f3xx_it.o
 .debug_line    0x0000000000005e14      0x819 ./Core/Src/system_stm32f3xx.o
 .debug_line    0x000000000000662d      0x80d ./Core/Src/tim.o
 .debug_line    0x0000000000006e3a      0x815 ./Core/Src/usart.o
 .debug_line    0x000000000000764f       0x7a ./Core/Startup/startup_stm32f303cctx.o
 .debug_line    0x00000000000076c9      0xa4e ./Drivers/STM32F3xx_HAL_Driver/Src/stm32f3xx_hal.o
 .debug_line    0x0000000000008117     0x27c0 ./Drivers/STM32F3xx_HAL_Driver/Src/stm32f3xx_hal_adc_ex.o
 .debug_line    0x000000000000a8d7      0xd13 ./Drivers/STM32F3xx_HAL_Driver/Src/stm32f3xx_hal_cortex.o
 .debug_line    0x000000000000b5ea      0xd60 ./Drivers/STM32F3xx_HAL_Driver/Src/stm32f3xx_hal_dma.o
 .debug_line    0x000000000000c34a      0xbad ./Drivers/STM32F3xx_HAL_Driver/Src/stm32f3xx_hal_gpio.o
 .debug_line    0x000000000000cef7     0x1428 ./Drivers/STM32F3xx_HAL_Driver/Src/stm32f3xx_hal_rcc.o
 .debug_line    0x000000000000e31f      0xdb4 ./Drivers/STM32F3xx_HAL_Driver/Src/stm32f3xx_hal_rcc_ex.o
 .debug_line    0x000000000000f0d3     0x3e13 ./Drivers/STM32F3xx_HAL_Driver/Src/stm32f3xx_hal_tim.o
 .debug_line    0x0000000000012ee6     0x1b3e ./Drivers/STM32F3xx_HAL_Driver/Src/stm32f3xx_hal_tim_ex.o
 .debug_line    0x0000000000014a24     0x3167 ./Drivers/STM32F3xx_HAL_Driver/Src/stm32f3xx_hal_uart.o
 .debug_line    0x0000000000017b8b      0xbb1 ./Drivers/STM32F3xx_HAL_Driver/Src/stm32f3xx_hal_uart_ex.o

.debug_str      0x0000000000000000    0xbc5fa
 .debug_str     0x0000000000000000    0xb7ed1 ./Core/Src/adc.o
                                      0xb863b (size before relaxing)
 .debug_str     0x00000000000b7ed1      0x48b ./Core/Src/bufete_functions.o
                                      0xb8694 (size before relaxing)
 .debug_str     0x00000000000b835c      0x328 ./Core/Src/bufete_rx.o
                                      0xb85a2 (size before relaxing)
 .debug_str     0x00000000000b8684       0x80 ./Core/Src/bufete_tx.o
                                      0xb84db (size before relaxing)
 .debug_str     0x00000000000b8704       0x68 ./Core/Src/gpio.o
                                      0xb80a6 (size before relaxing)
 .debug_str     0x00000000000b876c       0x43 ./Core/Src/led_bufete.o
                                      0xb807b (size before relaxing)
 .debug_str     0x00000000000b87af      0x380 ./Core/Src/main.o
                                      0xb8bf1 (size before relaxing)
 .debug_str     0x00000000000b8b2f       0x35 ./Core/Src/ringbuffer.o
                                      0xb80a0 (size before relaxing)
 .debug_str     0x00000000000b8b64      0x10c ./Core/Src/sensor_bufete.o
                                      0xb85af (size before relaxing)
 .debug_str     0x00000000000b8c70       0x2c ./Core/Src/stm32f3xx_hal_msp.o
                                      0xb7fdb (size before relaxing)
 .debug_str     0x00000000000b8c9c       0xef ./Core/Src/stm32f3xx_it.o
                                      0xb8485 (size before relaxing)
 .debug_str     0x00000000000b8d8b       0xdf ./Core/Src/system_stm32f3xx.o
                                      0xb8099 (size before relaxing)
 .debug_str     0x00000000000b8e6a      0x142 ./Core/Src/tim.o
                                      0xb8666 (size before relaxing)
 .debug_str     0x00000000000b8fac      0x3bb ./Core/Src/usart.o
                                      0xb89a6 (size before relaxing)
 .debug_str     0x00000000000b9367       0x34 ./Core/Startup/startup_stm32f303cctx.o
                                         0x84 (size before relaxing)
 .debug_str     0x00000000000b939b      0x397 ./Drivers/STM32F3xx_HAL_Driver/Src/stm32f3xx_hal.o
                                      0xb88d7 (size before relaxing)
 .debug_str     0x00000000000b9732      0x824 ./Drivers/STM32F3xx_HAL_Driver/Src/stm32f3xx_hal_adc_ex.o
                                      0xb8d9f (size before relaxing)
 .debug_str     0x00000000000b9f56      0x320 ./Drivers/STM32F3xx_HAL_Driver/Src/stm32f3xx_hal_cortex.o
                                      0xb8929 (size before relaxing)
 .debug_str     0x00000000000ba276      0x229 ./Drivers/STM32F3xx_HAL_Driver/Src/stm32f3xx_hal_dma.o
                                      0xb83e1 (size before relaxing)
 .debug_str     0x00000000000ba49f      0x122 ./Drivers/STM32F3xx_HAL_Driver/Src/stm32f3xx_hal_gpio.o
                                      0xb8206 (size before relaxing)
 .debug_str     0x00000000000ba5c1      0x2d1 ./Drivers/STM32F3xx_HAL_Driver/Src/stm32f3xx_hal_rcc.o
                                      0xb8539 (size before relaxing)
 .debug_str     0x00000000000ba892       0xbe ./Drivers/STM32F3xx_HAL_Driver/Src/stm32f3xx_hal_rcc_ex.o
                                      0xb82fd (size before relaxing)
 .debug_str     0x00000000000ba950      0xdf9 ./Drivers/STM32F3xx_HAL_Driver/Src/stm32f3xx_hal_tim.o
                                      0xb94c0 (size before relaxing)
 .debug_str     0x00000000000bb749      0x4dc ./Drivers/STM32F3xx_HAL_Driver/Src/stm32f3xx_hal_tim_ex.o
                                      0xb8d16 (size before relaxing)
 .debug_str     0x00000000000bbc25      0x81d ./Drivers/STM32F3xx_HAL_Driver/Src/stm32f3xx_hal_uart.o
                                      0xb8dbc (size before relaxing)
 .debug_str     0x00000000000bc442      0x1b8 ./Drivers/STM32F3xx_HAL_Driver/Src/stm32f3xx_hal_uart_ex.o
                                      0xb86c1 (size before relaxing)

.debug_frame    0x0000000000000000     0x4154
 .debug_frame   0x0000000000000000       0xc4 ./Core/Src/adc.o
 .debug_frame   0x00000000000000c4       0xcc ./Core/Src/bufete_functions.o
 .debug_frame   0x0000000000000190       0xc4 ./Core/Src/bufete_rx.o
 .debug_frame   0x0000000000000254       0x5c ./Core/Src/bufete_tx.o
 .debug_frame   0x00000000000002b0       0x34 ./Core/Src/gpio.o
 .debug_frame   0x00000000000002e4       0x7c ./Core/Src/led_bufete.o
 .debug_frame   0x0000000000000360       0x90 ./Core/Src/main.o
 .debug_frame   0x00000000000003f0      0x120 ./Core/Src/ringbuffer.o
 .debug_frame   0x0000000000000510       0xcc ./Core/Src/sensor_bufete.o
 .debug_frame   0x00000000000005dc       0x38 ./Core/Src/stm32f3xx_hal_msp.o
 .debug_frame   0x0000000000000614      0x120 ./Core/Src/stm32f3xx_it.o
 .debug_frame   0x0000000000000734       0x58 ./Core/Src/system_stm32f3xx.o
 .debug_frame   0x000000000000078c       0x84 ./Core/Src/tim.o
 .debug_frame   0x0000000000000810       0x74 ./Core/Src/usart.o
 .debug_frame   0x0000000000000884      0x334 ./Drivers/STM32F3xx_HAL_Driver/Src/stm32f3xx_hal.o
 .debug_frame   0x0000000000000bb8      0x644 ./Drivers/STM32F3xx_HAL_Driver/Src/stm32f3xx_hal_adc_ex.o
 .debug_frame   0x00000000000011fc      0x498 ./Drivers/STM32F3xx_HAL_Driver/Src/stm32f3xx_hal_cortex.o
 .debug_frame   0x0000000000001694      0x224 ./Drivers/STM32F3xx_HAL_Driver/Src/stm32f3xx_hal_dma.o
 .debug_frame   0x00000000000018b8      0x14c ./Drivers/STM32F3xx_HAL_Driver/Src/stm32f3xx_hal_gpio.o
 .debug_frame   0x0000000000001a04      0x214 ./Drivers/STM32F3xx_HAL_Driver/Src/stm32f3xx_hal_rcc.o
 .debug_frame   0x0000000000001c18       0xb0 ./Drivers/STM32F3xx_HAL_Driver/Src/stm32f3xx_hal_rcc_ex.o
 .debug_frame   0x0000000000001cc8     0x121c ./Drivers/STM32F3xx_HAL_Driver/Src/stm32f3xx_hal_tim.o
 .debug_frame   0x0000000000002ee4      0x688 ./Drivers/STM32F3xx_HAL_Driver/Src/stm32f3xx_hal_tim_ex.o
 .debug_frame   0x000000000000356c      0x9e8 ./Drivers/STM32F3xx_HAL_Driver/Src/stm32f3xx_hal_uart.o
 .debug_frame   0x0000000000003f54      0x1b4 ./Drivers/STM32F3xx_HAL_Driver/Src/stm32f3xx_hal_uart_ex.o
 .debug_frame   0x0000000000004108       0x20 C:/ST/STM32CubeIDE_1.13.0/STM32CubeIDE/plugins/com.st.stm32cube.ide.mcu.externaltools.gnu-tools-for-stm32.11.3.rel1.win32_1.1.0.202305231506/tools/bin/../lib/gcc/arm-none-eabi/11.3.1/../../../../arm-none-eabi/lib/thumb/v7e-m+fp/hard\libc_nano.a(libc_a-memset.o)
 .debug_frame   0x0000000000004128       0x2c C:/ST/STM32CubeIDE_1.13.0/STM32CubeIDE/plugins/com.st.stm32cube.ide.mcu.externaltools.gnu-tools-for-stm32.11.3.rel1.win32_1.1.0.202305231506/tools/bin/../lib/gcc/arm-none-eabi/11.3.1/../../../../arm-none-eabi/lib/thumb/v7e-m+fp/hard\libc_nano.a(libc_a-init.o)

.debug_line_str
                0x0000000000000000       0x78
 .debug_line_str
                0x0000000000000000       0x78 ./Core/Startup/startup_stm32f303cctx.o
                                         0x90 (size before relaxing)
